// Jest Snapshot v1, https://goo.gl/fbAQLP

exports[`should render EditItemPage 1`] = `
ShallowWrapper {
  "length": 1,
  Symbol(enzyme.__root__): [Circular],
  Symbol(enzyme.__unrendered__): <EditItemPage
    history={
        Object {
            "push": [Function],
          }
    }
    item={
        Object {
            "cost": 4500,
            "createdAt": 345600000,
            "description": "Credit Card",
            "id": "3",
            "note": "",
            "quantity": "3",
          }
    }
    startEditItem={[Function]}
    startRemoveItem={[Function]}
/>,
  Symbol(enzyme.__renderer__): Object {
    "batchedUpdates": [Function],
    "getNode": [Function],
    "render": [Function],
    "simulateEvent": [Function],
    "unmount": [Function],
  },
  Symbol(enzyme.__node__): Object {
    "instance": null,
    "key": undefined,
    "nodeType": "host",
    "props": Object {
      "children": Array [
        <div
          className="page-header"
>
          <div
                    className="content-container"
          >
                    <h1
                              className="page-header__title"
                    >
                              Edit Item
                    </h1>
          </div>
</div>,
        <div
          className="content-container"
>
          <ItemForm
                    item={
                              Object {
                                        "cost": 4500,
                                        "createdAt": 345600000,
                                        "description": "Credit Card",
                                        "id": "3",
                                        "note": "",
                                        "quantity": "3",
                                      }
                    }
                    onSubmit={[Function]}
          />
          <button
                    className="button button--secondary"
                    onClick={[Function]}
          >
                    <span>
                              Remove Item
                    </span>
          </button>
</div>,
      ],
    },
    "ref": null,
    "rendered": Array [
      Object {
        "instance": null,
        "key": undefined,
        "nodeType": "host",
        "props": Object {
          "children": <div
            className="content-container"
>
            <h1
                        className="page-header__title"
            >
                        Edit Item
            </h1>
</div>,
          "className": "page-header",
        },
        "ref": null,
        "rendered": Object {
          "instance": null,
          "key": undefined,
          "nodeType": "host",
          "props": Object {
            "children": <h1
              className="page-header__title"
>
              Edit Item
</h1>,
            "className": "content-container",
          },
          "ref": null,
          "rendered": Object {
            "instance": null,
            "key": undefined,
            "nodeType": "host",
            "props": Object {
              "children": "Edit Item",
              "className": "page-header__title",
            },
            "ref": null,
            "rendered": "Edit Item",
            "type": "h1",
          },
          "type": "div",
        },
        "type": "div",
      },
      Object {
        "instance": null,
        "key": undefined,
        "nodeType": "host",
        "props": Object {
          "children": Array [
            <ItemForm
              item={
                            Object {
                                          "cost": 4500,
                                          "createdAt": 345600000,
                                          "description": "Credit Card",
                                          "id": "3",
                                          "note": "",
                                          "quantity": "3",
                                        }
              }
              onSubmit={[Function]}
/>,
            <button
              className="button button--secondary"
              onClick={[Function]}
>
              <span>
                            Remove Item
              </span>
</button>,
          ],
          "className": "content-container",
        },
        "ref": null,
        "rendered": Array [
          Object {
            "instance": null,
            "key": undefined,
            "nodeType": "class",
            "props": Object {
              "item": Object {
                "cost": 4500,
                "createdAt": 345600000,
                "description": "Credit Card",
                "id": "3",
                "note": "",
                "quantity": "3",
              },
              "onSubmit": [Function],
            },
            "ref": null,
            "rendered": null,
            "type": [Function],
          },
          Object {
            "instance": null,
            "key": undefined,
            "nodeType": "host",
            "props": Object {
              "children": <span>
                Remove Item
</span>,
              "className": "button button--secondary",
              "onClick": [Function],
            },
            "ref": null,
            "rendered": Object {
              "instance": null,
              "key": undefined,
              "nodeType": "host",
              "props": Object {
                "children": "Remove Item",
              },
              "ref": null,
              "rendered": "Remove Item",
              "type": "span",
            },
            "type": "button",
          },
        ],
        "type": "div",
      },
    ],
    "type": "div",
  },
  Symbol(enzyme.__nodes__): Array [
    Object {
      "instance": null,
      "key": undefined,
      "nodeType": "host",
      "props": Object {
        "children": Array [
          <div
            className="page-header"
>
            <div
                        className="content-container"
            >
                        <h1
                                    className="page-header__title"
                        >
                                    Edit Item
                        </h1>
            </div>
</div>,
          <div
            className="content-container"
>
            <ItemForm
                        item={
                                    Object {
                                                "cost": 4500,
                                                "createdAt": 345600000,
                                                "description": "Credit Card",
                                                "id": "3",
                                                "note": "",
                                                "quantity": "3",
                                              }
                        }
                        onSubmit={[Function]}
            />
            <button
                        className="button button--secondary"
                        onClick={[Function]}
            >
                        <span>
                                    Remove Item
                        </span>
            </button>
</div>,
        ],
      },
      "ref": null,
      "rendered": Array [
        Object {
          "instance": null,
          "key": undefined,
          "nodeType": "host",
          "props": Object {
            "children": <div
              className="content-container"
>
              <h1
                            className="page-header__title"
              >
                            Edit Item
              </h1>
</div>,
            "className": "page-header",
          },
          "ref": null,
          "rendered": Object {
            "instance": null,
            "key": undefined,
            "nodeType": "host",
            "props": Object {
              "children": <h1
                className="page-header__title"
>
                Edit Item
</h1>,
              "className": "content-container",
            },
            "ref": null,
            "rendered": Object {
              "instance": null,
              "key": undefined,
              "nodeType": "host",
              "props": Object {
                "children": "Edit Item",
                "className": "page-header__title",
              },
              "ref": null,
              "rendered": "Edit Item",
              "type": "h1",
            },
            "type": "div",
          },
          "type": "div",
        },
        Object {
          "instance": null,
          "key": undefined,
          "nodeType": "host",
          "props": Object {
            "children": Array [
              <ItemForm
                item={
                                Object {
                                                "cost": 4500,
                                                "createdAt": 345600000,
                                                "description": "Credit Card",
                                                "id": "3",
                                                "note": "",
                                                "quantity": "3",
                                              }
                }
                onSubmit={[Function]}
/>,
              <button
                className="button button--secondary"
                onClick={[Function]}
>
                <span>
                                Remove Item
                </span>
</button>,
            ],
            "className": "content-container",
          },
          "ref": null,
          "rendered": Array [
            Object {
              "instance": null,
              "key": undefined,
              "nodeType": "class",
              "props": Object {
                "item": Object {
                  "cost": 4500,
                  "createdAt": 345600000,
                  "description": "Credit Card",
                  "id": "3",
                  "note": "",
                  "quantity": "3",
                },
                "onSubmit": [Function],
              },
              "ref": null,
              "rendered": null,
              "type": [Function],
            },
            Object {
              "instance": null,
              "key": undefined,
              "nodeType": "host",
              "props": Object {
                "children": <span>
                  Remove Item
</span>,
                "className": "button button--secondary",
                "onClick": [Function],
              },
              "ref": null,
              "rendered": Object {
                "instance": null,
                "key": undefined,
                "nodeType": "host",
                "props": Object {
                  "children": "Remove Item",
                },
                "ref": null,
                "rendered": "Remove Item",
                "type": "span",
              },
              "type": "button",
            },
          ],
          "type": "div",
        },
      ],
      "type": "div",
    },
  ],
  Symbol(enzyme.__options__): Object {
    "adapter": ReactSixteenAdapter {
      "options": Object {
        "enableComponentDidUpdateOnSetState": true,
      },
    },
  },
}
`;
