// Jest Snapshot v1, https://goo.gl/fbAQLP

exports[`should render InventoryListItem correctly 1`] = `
ShallowWrapper {
  "length": 1,
  Symbol(enzyme.__root__): [Circular],
  Symbol(enzyme.__unrendered__): <InventoryListItem
    cost={195}
    createdAt={0}
    description="Gum"
    id="1"
    note=""
    quantity="2"
/>,
  Symbol(enzyme.__renderer__): Object {
    "batchedUpdates": [Function],
    "getNode": [Function],
    "render": [Function],
    "simulateEvent": [Function],
    "unmount": [Function],
  },
  Symbol(enzyme.__node__): Object {
    "instance": null,
    "key": undefined,
    "nodeType": "class",
    "props": Object {
      "children": Array [
        <div>
          <h3
                    className="list-item__title"
          >
                    Gum
          </h3>
          <div>
                    <span
                              className="list-item__sub-title"
                    >
                              Quantity: 
                              2
                    </span>
          </div>
          <span
                    className="list-item__sub-title"
          >
                    December 31st, 1969
          </span>
</div>,
        <h3
          className="list-item__data"
>
          $0.00
</h3>,
      ],
      "className": "list-item",
      "replace": false,
      "to": "/edit/1",
    },
    "ref": null,
    "rendered": Array [
      Object {
        "instance": null,
        "key": undefined,
        "nodeType": "host",
        "props": Object {
          "children": Array [
            <h3
              className="list-item__title"
>
              Gum
</h3>,
            <div>
              <span
                            className="list-item__sub-title"
              >
                            Quantity: 
                            2
              </span>
</div>,
            <span
              className="list-item__sub-title"
>
              December 31st, 1969
</span>,
          ],
        },
        "ref": null,
        "rendered": Array [
          Object {
            "instance": null,
            "key": undefined,
            "nodeType": "host",
            "props": Object {
              "children": "Gum",
              "className": "list-item__title",
            },
            "ref": null,
            "rendered": "Gum",
            "type": "h3",
          },
          Object {
            "instance": null,
            "key": undefined,
            "nodeType": "host",
            "props": Object {
              "children": <span
                className="list-item__sub-title"
>
                Quantity: 
                2
</span>,
            },
            "ref": null,
            "rendered": Object {
              "instance": null,
              "key": undefined,
              "nodeType": "host",
              "props": Object {
                "children": Array [
                  "Quantity: ",
                  "2",
                ],
                "className": "list-item__sub-title",
              },
              "ref": null,
              "rendered": Array [
                "Quantity: ",
                "2",
              ],
              "type": "span",
            },
            "type": "div",
          },
          Object {
            "instance": null,
            "key": undefined,
            "nodeType": "host",
            "props": Object {
              "children": "December 31st, 1969",
              "className": "list-item__sub-title",
            },
            "ref": null,
            "rendered": "December 31st, 1969",
            "type": "span",
          },
        ],
        "type": "div",
      },
      Object {
        "instance": null,
        "key": undefined,
        "nodeType": "host",
        "props": Object {
          "children": "$0.00",
          "className": "list-item__data",
        },
        "ref": null,
        "rendered": "$0.00",
        "type": "h3",
      },
    ],
    "type": [Function],
  },
  Symbol(enzyme.__nodes__): Array [
    Object {
      "instance": null,
      "key": undefined,
      "nodeType": "class",
      "props": Object {
        "children": Array [
          <div>
            <h3
                        className="list-item__title"
            >
                        Gum
            </h3>
            <div>
                        <span
                                    className="list-item__sub-title"
                        >
                                    Quantity: 
                                    2
                        </span>
            </div>
            <span
                        className="list-item__sub-title"
            >
                        December 31st, 1969
            </span>
</div>,
          <h3
            className="list-item__data"
>
            $0.00
</h3>,
        ],
        "className": "list-item",
        "replace": false,
        "to": "/edit/1",
      },
      "ref": null,
      "rendered": Array [
        Object {
          "instance": null,
          "key": undefined,
          "nodeType": "host",
          "props": Object {
            "children": Array [
              <h3
                className="list-item__title"
>
                Gum
</h3>,
              <div>
                <span
                                className="list-item__sub-title"
                >
                                Quantity: 
                                2
                </span>
</div>,
              <span
                className="list-item__sub-title"
>
                December 31st, 1969
</span>,
            ],
          },
          "ref": null,
          "rendered": Array [
            Object {
              "instance": null,
              "key": undefined,
              "nodeType": "host",
              "props": Object {
                "children": "Gum",
                "className": "list-item__title",
              },
              "ref": null,
              "rendered": "Gum",
              "type": "h3",
            },
            Object {
              "instance": null,
              "key": undefined,
              "nodeType": "host",
              "props": Object {
                "children": <span
                  className="list-item__sub-title"
>
                  Quantity: 
                  2
</span>,
              },
              "ref": null,
              "rendered": Object {
                "instance": null,
                "key": undefined,
                "nodeType": "host",
                "props": Object {
                  "children": Array [
                    "Quantity: ",
                    "2",
                  ],
                  "className": "list-item__sub-title",
                },
                "ref": null,
                "rendered": Array [
                  "Quantity: ",
                  "2",
                ],
                "type": "span",
              },
              "type": "div",
            },
            Object {
              "instance": null,
              "key": undefined,
              "nodeType": "host",
              "props": Object {
                "children": "December 31st, 1969",
                "className": "list-item__sub-title",
              },
              "ref": null,
              "rendered": "December 31st, 1969",
              "type": "span",
            },
          ],
          "type": "div",
        },
        Object {
          "instance": null,
          "key": undefined,
          "nodeType": "host",
          "props": Object {
            "children": "$0.00",
            "className": "list-item__data",
          },
          "ref": null,
          "rendered": "$0.00",
          "type": "h3",
        },
      ],
      "type": [Function],
    },
  ],
  Symbol(enzyme.__options__): Object {
    "adapter": ReactSixteenAdapter {
      "options": Object {
        "enableComponentDidUpdateOnSetState": true,
      },
    },
  },
}
`;
